---
source: bin/tome-term/src/tests.rs
expression: terminal.backend()
---
"  1 The quick brown fox jumps over the  "
"  ┆ lazy dog and keeps on running       "
"  ~                                     "
"  ~                                     "
"  ~                                     "
"  ~                                     "
"  ~                                     "
"  ~                                     "
"  ~                                     "
" NORMAL  test.txt  1:1  Top             "
