---
source: crates/tome-term/src/tests.rs
expression: terminal.backend()
---
"  1 abc                                                                         "
"  ~                                                                             "
"  ~                                                                             "
"  ~                                                                             "
"  ~                                                                             "
"  ~                                                                             "
"  ~                                                                             "
"  ~                                                                             "
" INSERT  test.txt [+]  1:4  Top                                                 "
"                                                                                "
