---
source: crates/tome-term/src/tests.rs
expression: terminal.backend()
---
"  1 Hello                                                                       "
"  ~                                                                             "
"  ~                                                                             "
"  ~                                                                             "
"  ~                                                                             "
"  ~                                                                             "
"  ~                                                                             "
"  ~                                                                             "
" INSERT  test.txt  1:1  Top                                                     "
"                                                                                "
