---
source: crates/tome-term/src/main.rs
assertion_line: 590
expression: terminal.backend()
---
"Hello, World!                                                                   "
"                                                                                "
"                                                                                "
"                                                                                "
"                                                                                "
"                                                                                "
"                                                                                "
"                                                                                "
" NORMAL  test.txt  1:4                                                          "
"                                                                                "
