---
source: crates/tome-term/src/main.rs
assertion_line: 569
expression: terminal.backend()
---
"Hello                                                                           "
"                                                                                "
"                                                                                "
"                                                                                "
"                                                                                "
"                                                                                "
"                                                                                "
"                                                                                "
" INSERT  test.txt  1:1                                                          "
"                                                                                "
